[backblue.gif]
[fade.gif]
[index.html]
[www.base-search.net/base_favicon.ico]
[www.base-search.net/apple-touch-icon-152x152-precomposed.png]
[www.base-search.net/apple-touch-icon-144x144-precomposed.png]
[www.base-search.net/apple-touch-icon-120x120-precomposed.png]
[www.base-search.net/apple-touch-icon-114x114-precomposed.png]
[www.base-search.net/apple-touch-icon-76x76-precomposed.png]
[www.base-search.net/apple-touch-icon-72x72-precomposed.png]
[www.base-search.net/apple-touch-icon-57x57-precomposed.png]
[www.base-search.net/index.html]
[www.base-search.net/MyResearch/Home0090.html]
[www.base-search.net/indexd8cc.html]
[www.base-search.net/index8c8a.html]
[www.base-search.net/index0ee9.html]
[www.base-search.net/indexb8c2.html]
[www.base-search.net/index1d17.html]
[www.base-search.net/index0943.html]
[www.base-search.net/index47f1.html]
[www.base-search.net/indexad77.html]
[www.base-search.net/Search/Advanced.html]
[www.base-search.net/Browse/Home.html]
[www.base-search.net/index72e9.html]
[www.base-search.net/indexa989.html]
[www.base-search.net/index0aa6.html]
[www.base-search.net/indexae7e.html]
[www.base-search.net/indexfa32.html]
[www.base-search.net/index7260.html]
[www.base-search.net/index4e94.html]
[www.base-search.net/index9a26.html]
[www.base-search.net/indexbc83.html]
[www.base-search.net/indexcf89.html]
[www.base-search.net/indexa34f.html]
[www.base-search.net/index5eba.html]
[www.base-search.net/index51b8.html]
[www.base-search.net/index1700.html]
[www.base-search.net/index47c1.html]
[www.base-search.net/index7170.html]
[www.base-search.net/index1409.html]
[www.base-search.net/indexc8bd.html]
[www.base-search.net/indexe5e4.html]
[www.base-search.net/index66ba.html]
[www.base-search.net/indexb6f2.html]
[www.base-search.net/index544d.html]
[www.base-search.net/index85f4.html]
[www.base-search.net/index2f61.html]
[www.base-search.net/index4387.html]
[www.base-search.net/index4a60.html]
[www.base-search.net/index8806.html]
[www.base-search.net/indexae7a.html]
[www.base-search.net/indexea20.html]
[www.base-search.net/index8ed0.html]
[www.base-search.net/indexa039.html]
[www.base-search.net/index3efb.html]
[www.base-search.net/indexf9c8.html]
[www.base-search.net/indexa453.html]
[www.base-search.net/index099c.html]
[www.base-search.net/index9ae7.html]
