[www.alphaeditorialcloud.com/auth/login.html]
[backblue.gif]
[fade.gif]
[index.html]
[cdn.usefathom.com/script.js]
[assets-cf-production.publica.la/biblioteca-virtual-alfaomega/icons/1718981188_original.png]
[assets-cf-production.publica.la/biblioteca-virtual-alfaomega/icons/favicon-48x48.png]
[assets-cf-production.publica.la/biblioteca-virtual-alfaomega/icons/apple-touch-icon.png]
[d3qlnv4h16ekex.cloudfront.net/d35d17ee-33d8-4f77-80bd-7512b1b83c30/css/tailwind977a.css]
[d3qlnv4h16ekex.cloudfront.net/d35d17ee-33d8-4f77-80bd-7512b1b83c30/css/appc391.css]
[d3qlnv4h16ekex.cloudfront.net/d35d17ee-33d8-4f77-80bd-7512b1b83c30/vendor/livewire/livewire4a5a.js]
[connect.facebook.net/en_US/fbevents.js]
[assets-cf-production.publica.la/biblioteca-virtual-alfaomega/logo/logo_1716927283.png]
[www.alphaeditorialcloud.com/auth/register.html]
[www.alphaeditorialcloud.com/auth/social/facebook.c.delayed]
[www.alphaeditorialcloud.com/auth/social/google.d.delayed]
[www.alphaeditorialcloud.com/auth/password/reset.html]
[i.im.ge/2022/11/29/S6gnGX.AlphaEditorial-icon-512x512.png]
[d3qlnv4h16ekex.cloudfront.net/d35d17ee-33d8-4f77-80bd-7512b1b83c30/images/stores-badges/google-play-badge_es.png]
[d3qlnv4h16ekex.cloudfront.net/d35d17ee-33d8-4f77-80bd-7512b1b83c30/images/stores-badges/apple-store-badge_es.png]
[d3qlnv4h16ekex.cloudfront.net/d35d17ee-33d8-4f77-80bd-7512b1b83c30/js/app6139.js]
[d3qlnv4h16ekex.cloudfront.net/d35d17ee-33d8-4f77-80bd-7512b1b83c30/js/service-worker-cleaner9b27.js]
[i.ibb.co/n87yWVd/image-39.png]
[www.alphaeditorialcloud.com/auth/login.html]
[www.googletagmanager.com/gtm5445.html]
[d3qlnv4h16ekex.cloudfront.net/d35d17ee-33d8-4f77-80bd-7512b1b83c30/css/tailwind977a.css]
[d3qlnv4h16ekex.cloudfront.net/d35d17ee-33d8-4f77-80bd-7512b1b83c30/images/spinner.gif]
[d3qlnv4h16ekex.cloudfront.net/d35d17ee-33d8-4f77-80bd-7512b1b83c30/css/appc391.css]
[www.alphaeditorialcloud.com/auth/a.18.delayed]
[www.alphaeditorialcloud.com/auth/POST.19.delayed]
[www.alphaeditorialcloud.com/auth/schema.org/index.html]
[www.alphaeditorialcloud.com/auth/b.1a.delayed]
[www.alphaeditorialcloud.com/signals/iwl.1b.delayed]
[connect.facebook.net/en_US/fbevents.js]
[www.alphaeditorialcloud.com/auth/register.html]
[www.alphaeditorialcloud.com/auth/password/reset.html]
[www.alphaeditorialcloud.com/auth/a.html]
[www.alphaeditorialcloud.com/auth/POST.html]
[www.alphaeditorialcloud.com/auth/schema.org/index.html]
[www.alphaeditorialcloud.com/auth/b.html]
[www.alphaeditorialcloud.com/signals/iwl.html]
