[access.clarivate.com/register19b0.html]
[backblue.gif]
[fade.gif]
[index.html]
[access.clarivate.com_443/public/styles.29276a7c2f2290b7.css]
[access.clarivate.com_443/public/runtime.bd0bac21b1983bd0.js]
[access.clarivate.com_443/public/polyfills.d61e659a26c0d95a.js]
[access.clarivate.com/register19b0.html]
[access.clarivate.com_443/public/main.0d82a8050fd94caf.js]
[access.clarivate.com_443/public/material-icons.59322316b3fd6063.woff2]
[access.clarivate.com_443/public/material-icons.4ad034d2c499d9b6.woff]
[access.clarivate.com_443/public/material-icons-outlined.f86cb7b0aa53f0fe.woff2]
[access.clarivate.com_443/public/material-icons-outlined.78a93b2079680a08.woff]
[access.clarivate.com_443/public/material-icons-round.b10ec9db5b7fbc74.woff2]
[access.clarivate.com_443/public/material-icons-round.92dc7ca2f4c591e7.woff]
[access.clarivate.com_443/public/material-icons-sharp.3885863ee4746422.woff2]
[access.clarivate.com_443/public/material-icons-sharp.a71cb2bf66c604de.woff]
[access.clarivate.com_443/public/material-icons-two-tone.675bd578bd14533e.woff2]
[access.clarivate.com_443/public/material-icons-two-tone.588d63134de807a7.woff]
[access.clarivate.com_443/public/styles.29276a7c2f2290b7.css]
